Current working directory is /nethome/jvalverde6/spatter/tests/misc
